cnn3d_huge_kernal slgt_full_glade 0.001 8
Fold 0
Selecting data...
Computing Stats data...
Standardizing data...
Setting up datasets...
loading model
evaluating model
Fold 1
Selecting data...
Computing Stats data...
Standardizing data...
Setting up datasets...
loading model
evaluating model
Fold 2
Selecting data...
Computing Stats data...
Standardizing data...
Setting up datasets...
loading model
evaluating model
Fold 3
Selecting data...
Computing Stats data...
Standardizing data...
Setting up datasets...
loading model
evaluating model
Fold 4
Selecting data...
Computing Stats data...
Standardizing data...
Setting up datasets...
loading model
evaluating model
