cnn3d_gelu_0_5 slgt_full_glade 0.001 8
Fold 0
Selecting data...
Computing Stats data...
Standardizing data...
Setting up datasets...
loading model
evaluating model
batch 0
batch 1
batch 2
batch 3
batch 4
batch 5
batch 6
batch 7
batch 8
batch 9
batch 10
batch 11
batch 12
batch 13
batch 14
batch 15
batch 16
batch 17
batch 18
batch 19
batch 20
batch 21
batch 22
batch 23
batch 24
batch 25
batch 26
batch 27
batch 28
batch 29
batch 30
batch 31
batch 32
batch 33
batch 34
batch 35
batch 36
batch 37
batch 38
batch 39
batch 40
batch 41
batch 42
batch 43
batch 44
batch 45
batch 46
batch 47
batch 48
batch 49
batch 50
batch 51
batch 52
batch 53
batch 54
batch 55
batch 56
batch 57
batch 58
batch 59
batch 60
batch 61
batch 62
batch 63
batch 64
batch 65
batch 66
batch 67
batch 68
batch 69
batch 70
batch 71
batch 72
batch 73
batch 74
batch 75
batch 76
batch 77
batch 78
batch 79
batch 80
batch 81
batch 82
batch 83
batch 84
batch 85
Fold 1
Selecting data...
Computing Stats data...
Standardizing data...
Setting up datasets...
loading model
evaluating model
batch 0
batch 1
batch 2
batch 3
batch 4
batch 5
batch 6
batch 7
batch 8
batch 9
batch 10
batch 11
batch 12
batch 13
batch 14
batch 15
batch 16
batch 17
batch 18
batch 19
batch 20
batch 21
batch 22
batch 23
batch 24
batch 25
batch 26
batch 27
batch 28
batch 29
batch 30
batch 31
batch 32
batch 33
batch 34
batch 35
batch 36
batch 37
batch 38
batch 39
batch 40
batch 41
batch 42
batch 43
batch 44
batch 45
batch 46
batch 47
batch 48
batch 49
batch 50
batch 51
batch 52
batch 53
batch 54
batch 55
batch 56
batch 57
batch 58
batch 59
batch 60
batch 61
batch 62
batch 63
batch 64
batch 65
batch 66
batch 67
batch 68
batch 69
batch 70
batch 71
batch 72
batch 73
batch 74
batch 75
batch 76
batch 77
batch 78
batch 79
batch 80
batch 81
batch 82
batch 83
batch 84
batch 85
Fold 2
Selecting data...
Computing Stats data...
Standardizing data...
Setting up datasets...
loading model
evaluating model
batch 0
batch 1
batch 2
batch 3
batch 4
batch 5
batch 6
batch 7
batch 8
batch 9
batch 10
batch 11
batch 12
batch 13
batch 14
batch 15
batch 16
batch 17
batch 18
batch 19
batch 20
batch 21
batch 22
batch 23
batch 24
batch 25
batch 26
batch 27
batch 28
batch 29
batch 30
batch 31
batch 32
batch 33
batch 34
batch 35
batch 36
batch 37
batch 38
batch 39
batch 40
batch 41
batch 42
batch 43
batch 44
batch 45
batch 46
batch 47
batch 48
batch 49
batch 50
batch 51
batch 52
batch 53
batch 54
batch 55
batch 56
batch 57
batch 58
batch 59
batch 60
batch 61
batch 62
batch 63
batch 64
batch 65
batch 66
batch 67
batch 68
batch 69
batch 70
batch 71
batch 72
batch 73
batch 74
batch 75
batch 76
batch 77
batch 78
batch 79
batch 80
batch 81
batch 82
batch 83
batch 84
batch 85
Fold 3
Selecting data...
Computing Stats data...
Standardizing data...
Setting up datasets...
loading model
evaluating model
batch 0
batch 1
batch 2
batch 3
batch 4
batch 5
batch 6
batch 7
batch 8
batch 9
batch 10
batch 11
batch 12
batch 13
batch 14
batch 15
batch 16
batch 17
batch 18
batch 19
batch 20
batch 21
batch 22
batch 23
batch 24
batch 25
batch 26
batch 27
batch 28
batch 29
batch 30
batch 31
batch 32
batch 33
batch 34
batch 35
batch 36
batch 37
batch 38
batch 39
batch 40
batch 41
batch 42
batch 43
batch 44
batch 45
batch 46
batch 47
batch 48
batch 49
batch 50
batch 51
batch 52
batch 53
batch 54
batch 55
batch 56
batch 57
batch 58
batch 59
batch 60
batch 61
batch 62
batch 63
batch 64
batch 65
batch 66
batch 67
batch 68
batch 69
batch 70
batch 71
batch 72
batch 73
batch 74
batch 75
batch 76
batch 77
batch 78
batch 79
batch 80
batch 81
batch 82
batch 83
batch 84
batch 85
Fold 4
Selecting data...
Computing Stats data...
Standardizing data...
Setting up datasets...
loading model
evaluating model
batch 0
batch 1
batch 2
batch 3
batch 4
batch 5
batch 6
batch 7
batch 8
batch 9
batch 10
batch 11
batch 12
batch 13
batch 14
batch 15
batch 16
batch 17
batch 18
batch 19
batch 20
batch 21
batch 22
batch 23
batch 24
batch 25
batch 26
batch 27
batch 28
batch 29
batch 30
batch 31
batch 32
batch 33
batch 34
batch 35
batch 36
batch 37
batch 38
batch 39
batch 40
batch 41
batch 42
batch 43
batch 44
batch 45
batch 46
batch 47
batch 48
batch 49
batch 50
batch 51
batch 52
batch 53
batch 54
batch 55
batch 56
batch 57
batch 58
batch 59
batch 60
batch 61
batch 62
batch 63
batch 64
batch 65
batch 66
batch 67
batch 68
batch 69
batch 70
batch 71
batch 72
batch 73
batch 74
batch 75
batch 76
batch 77
batch 78
batch 79
batch 80
batch 81
batch 82
batch 83
batch 84
batch 85
